============================= test session starts =============================
platform win32 -- Python 3.11.0, pytest-9.0.2, pluggy-1.6.0
rootdir: O:\Cloud\Code\_scripts\uitk
configfile: pyproject.toml
collected 586 items

test\interactive_tests\test_stacked_controller_payload.py ss.            [  0%]
test\test_events.py .................................................... [  9%]
.....                                                                    [ 10%]
test\test_file_manager.py ........s.....................                 [ 15%]
test\test_footer.py ........................................             [ 22%]
test\test_header.py ................................................     [ 30%]
test\test_hotkeys.py .........                                           [ 31%]
test\test_mainwindow.py ................................................ [ 40%]
................                                                         [ 42%]
test\test_menu.py ...................................................... [ 52%]
..........................................................               [ 61%]
test\test_optionBox.py ............                                      [ 63%]
test\test_signals.py ...............................                     [ 69%]
test\test_style_sheet.py .......                                         [ 70%]
test\test_switchboard.py ............................................... [ 78%]
python.exe : Windows fatal exception: access violation
At line:1 char:140
+ ...  "pyside6"; & O:\Cloud\Code\_scripts\.venv\Scripts\python.exe -m pyte ...
+                 ~~~~~~~~~~~~~~~~~~~~~~~~~~~~~~~~~~~~~~~~~~~~~~~~~~~~~~~~~
    + CategoryInfo          : NotSpecified: (Windows fatal e...ccess violation 
   :String) [], RemoteException
    + FullyQualifiedErrorId : NativeCommandError
 

Current thread 0x00009a68 (most recent call first):
  File "O:\Cloud\Code\_scripts\uitk\uitk\widgets\widgetComboBox.py", line 77 
in _set_index_widget
  File "O:\Cloud\Code\_scripts\uitk\uitk\widgets\widgetComboBox.py", line 583 
in _add_widget_item
  File "O:\Cloud\Code\_scripts\uitk\uitk\widgets\widgetComboBox.py", line 429 
in add
  File "O:\Cloud\Code\_scripts\uitk\uitk\widgets\mixins\switchboard_slots.py", 
line 55 in wrapper
  File "O:\Cloud\Code\_scripts\uitk\uitk\examples\example.py", line 327 in 
cmb_view_init
  File "O:\Cloud\Code\_scripts\uitk\uitk\widgets\mixins\switchboard_slots.py", 
line 388 in _perform_slot_init
  File "O:\Cloud\Code\_scripts\uitk\uitk\widgets\mixins\switchboard_slots.py", 
line 554 in init_slot
  File "O:\Cloud\Code\_scripts\uitk\uitk\widgets\mainWindow.py", line 328 in 
<lambda>
  File "O:\Cloud\Code\_scripts\uitk\uitk\widgets\mainWindow.py", line 352 in 
register_widget
  File "O:\Cloud\Code\_scripts\uitk\uitk\widgets\mainWindow.py", line 639 in 
_walk_and_register
  File "O:\Cloud\Code\_scripts\uitk\uitk\widgets\mainWindow.py", line 643 in 
_walk_and_register
  File "O:\Cloud\Code\_scripts\uitk\uitk\widgets\mainWindow.py", line 647 in 
register_children
  File "O:\Cloud\Code\_scripts\uitk\uitk\widgets\mainWindow.py", line 336 in 
<lambda>
  File "O:\Cloud\Code\_scripts\uitk\uitk\widgets\mixins\switchboard_slots.py", 
line 415 in _perform_slot_init
  File "O:\Cloud\Code\_scripts\uitk\uitk\widgets\mixins\switchboard_slots.py", 
line 554 in init_slot
  File "O:\Cloud\Code\_scripts\uitk\uitk\widgets\mainWindow.py", line 328 in 
<lambda>
  File "O:\Cloud\Code\_scripts\uitk\uitk\widgets\mainWindow.py", line 352 in 
register_widget
  File "O:\Cloud\Code\_scripts\uitk\uitk\widgets\mainWindow.py", line 639 in 
_walk_and_register
  File "O:\Cloud\Code\_scripts\uitk\uitk\widgets\mainWindow.py", line 643 in 
_walk_and_register
  File "O:\Cloud\Code\_scripts\uitk\uitk\widgets\mainWindow.py", line 647 in 
register_children
  File "O:\Cloud\Code\_scripts\uitk\uitk\widgets\mainWindow.py", line 336 in 
<lambda>
  File "O:\Cloud\Code\_scripts\uitk\uitk\widgets\mixins\switchboard_slots.py", 
line 415 in _perform_slot_init
  File "O:\Cloud\Code\_scripts\uitk\uitk\widgets\mixins\switchboard_slots.py", 
line 487 in _process_deferred_widgets
  File "O:\Cloud\Code\_scripts\uitk\uitk\widgets\mixins\switchboard_slots.py", 
line 339 in _create_slots_instance
  File "O:\Cloud\Code\_scripts\uitk\uitk\widgets\mixins\switchboard_slots.py", 
line 301 in get_slots_instance
  File "O:\Cloud\Code\_scripts\uitk\uitk\widgets\mixins\switchboard_slots.py", 
line 547 in init_slot
  File "O:\Cloud\Code\_scripts\uitk\uitk\widgets\mainWindow.py", line 328 in 
<lambda>
  File "O:\Cloud\Code\_scripts\uitk\uitk\widgets\mainWindow.py", line 352 in 
register_widget
  File "O:\Cloud\Code\_scripts\uitk\uitk\widgets\mainWindow.py", line 229 in 
__getattr__
  File "O:\Cloud\Code\_scripts\uitk\test\test_switchboard.py", line 787 in 
test_slot_wrapper_calls_underlying_slot
  File 
"C:\Users\m3tri\AppData\Local\Programs\Python\Python311\Lib\unittest\case.py", 
line 579 in _callTestMethod
  File 
"C:\Users\m3tri\AppData\Local\Programs\Python\Python311\Lib\unittest\case.py", 
line 623 in run
  File 
"C:\Users\m3tri\AppData\Local\Programs\Python\Python311\Lib\unittest\case.py", 
line 678 in __call__
  File "O:\Cloud\Code\_scripts\.venv\Lib\site-packages\_pytest\unittest.py", 
line 389 in runtest
  File "O:\Cloud\Code\_scripts\.venv\Lib\site-packages\_pytest\runner.py", 
line 179 in pytest_runtest_call
  File "O:\Cloud\Code\_scripts\.venv\Lib\site-packages\pluggy\_callers.py", 
line 121 in _multicall
  File "O:\Cloud\Code\_scripts\.venv\Lib\site-packages\pluggy\_manager.py", 
line 120 in _hookexec
  File "O:\Cloud\Code\_scripts\.venv\Lib\site-packages\pluggy\_hooks.py", line 
512 in __call__
  File "O:\Cloud\Code\_scripts\.venv\Lib\site-packages\_pytest\runner.py", 
line 245 in <lambda>
  File "O:\Cloud\Code\_scripts\.venv\Lib\site-packages\_pytest\runner.py", 
line 353 in from_call
  File "O:\Cloud\Code\_scripts\.venv\Lib\site-packages\_pytest\runner.py", 
line 244 in call_and_report
  File "O:\Cloud\Code\_scripts\.venv\Lib\site-packages\_pytest\runner.py", 
line 137 in runtestprotocol
  File "O:\Cloud\Code\_scripts\.venv\Lib\site-packages\_pytest\runner.py", 
line 118 in pytest_runtest_protocol
  File "O:\Cloud\Code\_scripts\.venv\Lib\site-packages\pluggy\_callers.py", 
line 121 in _multicall
  File "O:\Cloud\Code\_scripts\.venv\Lib\site-packages\pluggy\_manager.py", 
line 120 in _hookexec
  File "O:\Cloud\Code\_scripts\.venv\Lib\site-packages\pluggy\_hooks.py", line 
512 in __call__
  File "O:\Cloud\Code\_scripts\.venv\Lib\site-packages\_pytest\main.py", line 
396 in pytest_runtestloop
  File "O:\Cloud\Code\_scripts\.venv\Lib\site-packages\pluggy\_callers.py", 
line 121 in _multicall
  File "O:\Cloud\Code\_scripts\.venv\Lib\site-packages\pluggy\_manager.py", 
line 120 in _hookexec
  File "O:\Cloud\Code\_scripts\.venv\Lib\site-packages\pluggy\_hooks.py", line 
512 in __call__
  File "O:\Cloud\Code\_scripts\.venv\Lib\site-packages\_pytest\main.py", line 
372 in _main
  File "O:\Cloud\Code\_scripts\.venv\Lib\site-packages\_pytest\main.py", line 
318 in wrap_session
  File "O:\Cloud\Code\_scripts\.venv\Lib\site-packages\_pytest\main.py", line 
365 in pytest_cmdline_main
  File "O:\Cloud\Code\_scripts\.venv\Lib\site-packages\pluggy\_callers.py", 
line 121 in _multicall
  File "O:\Cloud\Code\_scripts\.venv\Lib\site-packages\pluggy\_manager.py", 
line 120 in _hookexec
  File "O:\Cloud\Code\_scripts\.venv\Lib\site-packages\pluggy\_hooks.py", line 
512 in __call__
  File 
"O:\Cloud\Code\_scripts\.venv\Lib\site-packages\_pytest\config\__init__.py", 
line 199 in main
  File 
"O:\Cloud\Code\_scripts\.venv\Lib\site-packages\_pytest\config\__init__.py", 
line 223 in console_main
  File "O:\Cloud\Code\_scripts\.venv\Lib\site-packages\pytest\__main__.py", 
line 9 in <module>
  File "<frozen runpy>", line 88 in _run_code
  File "<frozen runpy>", line 198 in _run_module_as_main
............
